// Jest Snapshot v1, https://goo.gl/fbAQLP

exports[`Test playlist Component Should render correctly with a playlist 1`] = `
Object {
  "asFragment": [Function],
  "baseElement": <body>
    <div>
      <div
        style="color: rgb(255, 255, 255); background-color: rgb(128, 128, 128); width: 25%; display: inline-block; margin: 10px; padding: 10px;"
      >
        <img
          alt=""
          src="https://example.com/image.jpg"
          style="width: 60px;"
        />
        <h3
          style="color: rgb(255, 255, 255); font-size: 22px;"
        >
          Test Playlist
        </h3>
        <ul
          style="margin-top: 10px; font-weight: bold;"
        >
          <li
            style="padding-top: 2px;"
          >
            Song 1
          </li>
          <li
            style="padding-top: 2px;"
          >
            Song 2
          </li>
        </ul>
      </div>
    </div>
  </body>,
  "container": <div>
    <div
      style="color: rgb(255, 255, 255); background-color: rgb(128, 128, 128); width: 25%; display: inline-block; margin: 10px; padding: 10px;"
    >
      <img
        alt=""
        src="https://example.com/image.jpg"
        style="width: 60px;"
      />
      <h3
        style="color: rgb(255, 255, 255); font-size: 22px;"
      >
        Test Playlist
      </h3>
      <ul
        style="margin-top: 10px; font-weight: bold;"
      >
        <li
          style="padding-top: 2px;"
        >
          Song 1
        </li>
        <li
          style="padding-top: 2px;"
        >
          Song 2
        </li>
      </ul>
    </div>
  </div>,
  "debug": [Function],
  "findAllByAltText": [Function],
  "findAllByDisplayValue": [Function],
  "findAllByLabelText": [Function],
  "findAllByPlaceholderText": [Function],
  "findAllByRole": [Function],
  "findAllByTestId": [Function],
  "findAllByText": [Function],
  "findAllByTitle": [Function],
  "findByAltText": [Function],
  "findByDisplayValue": [Function],
  "findByLabelText": [Function],
  "findByPlaceholderText": [Function],
  "findByRole": [Function],
  "findByTestId": [Function],
  "findByText": [Function],
  "findByTitle": [Function],
  "getAllByAltText": [Function],
  "getAllByDisplayValue": [Function],
  "getAllByLabelText": [Function],
  "getAllByPlaceholderText": [Function],
  "getAllByRole": [Function],
  "getAllByTestId": [Function],
  "getAllByText": [Function],
  "getAllByTitle": [Function],
  "getByAltText": [Function],
  "getByDisplayValue": [Function],
  "getByLabelText": [Function],
  "getByPlaceholderText": [Function],
  "getByRole": [Function],
  "getByTestId": [Function],
  "getByText": [Function],
  "getByTitle": [Function],
  "queryAllByAltText": [Function],
  "queryAllByDisplayValue": [Function],
  "queryAllByLabelText": [Function],
  "queryAllByPlaceholderText": [Function],
  "queryAllByRole": [Function],
  "queryAllByTestId": [Function],
  "queryAllByText": [Function],
  "queryAllByTitle": [Function],
  "queryByAltText": [Function],
  "queryByDisplayValue": [Function],
  "queryByLabelText": [Function],
  "queryByPlaceholderText": [Function],
  "queryByRole": [Function],
  "queryByTestId": [Function],
  "queryByText": [Function],
  "queryByTitle": [Function],
  "rerender": [Function],
  "unmount": [Function],
}
`;
